// Jest Snapshot v1, https://goo.gl/fbAQLP

exports[`should render Expenses with emdpty message 1`] = `
<div>
  <p>
    No expenses
  </p>
</div>
`;

exports[`should render ExpensesList with expenses 1`] = `
<div>
  <ExpenseListItem
    amount={195}
    createdAt={0}
    description="Gun"
    id="1"
    key="1"
    note=""
  />
  <ExpenseListItem
    amount={109500}
    createdAt={-345600000}
    description="Rent"
    id="2"
    key="2"
    note=""
  />
  <ExpenseListItem
    amount={4500}
    createdAt={345600000}
    description="Credit card"
    id="3"
    key="3"
    note=""
  />
</div>
`;
