// Jest Snapshot v1, https://goo.gl/fbAQLP

exports[`should render header correctly 1`] = `
<header>
  <h1>
    Expensify
  </h1>
  <NavLink
    activeClassName="is-active"
    to="/dashboard"
  >
    DashBoard
  </NavLink>
  <NavLink
    activeClassName="is-active"
    to="/create"
  >
    Create
  </NavLink>
  <NavLink
    activeClassName="is-active"
    to="/help"
  >
    help page
  </NavLink>
  <button
    onClick={[Function]}
  >
    Logout
  </button>
</header>
`;
