// Jest Snapshot v1, https://goo.gl/fbAQLP

exports[`should test if NotfoundPage renders correctly 1`] = `
<div>
  !404 - 
  <Link
    to="/"
  >
    Go home
  </Link>
</div>
`;
